###############################################################################
#
# IAR ELF Linker V7.40.3.8902/W32 for ARM                 04/Sep/2017  20:10:37
# Copyright 2007-2015 IAR Systems AB.
#
#    Output file  =  
#        C:\Users\engenharia\Documents\Diego
#        Moreno\Projetos\STM32F4\Testes_STM32F4DISCOVERY\STM32F4-DIS_SDcard_FatFS\EWARM\STM32F4-DIS_SDcard_FatFS\Exe\STM32F4-DIS_SDcard_FatFS.out
#    Map file     =  
#        C:\Users\engenharia\Documents\Diego
#        Moreno\Projetos\STM32F4\Testes_STM32F4DISCOVERY\STM32F4-DIS_SDcard_FatFS\EWARM\STM32F4-DIS_SDcard_FatFS/List\STM32F4-DIS_SDcard_FatFS.map
#    Command line =  
#        "C:\Users\engenharia\Documents\Diego
#        Moreno\Projetos\STM32F4\Testes_STM32F4DISCOVERY\STM32F4-DIS_SDcard_FatFS\EWARM\STM32F4-DIS_SDcard_FatFS\Obj\bsp_driver_sd.o"
#        "C:\Users\engenharia\Documents\Diego
#        Moreno\Projetos\STM32F4\Testes_STM32F4DISCOVERY\STM32F4-DIS_SDcard_FatFS\EWARM\STM32F4-DIS_SDcard_FatFS\Obj\diskio.o"
#        "C:\Users\engenharia\Documents\Diego
#        Moreno\Projetos\STM32F4\Testes_STM32F4DISCOVERY\STM32F4-DIS_SDcard_FatFS\EWARM\STM32F4-DIS_SDcard_FatFS\Obj\fatfs.o"
#        "C:\Users\engenharia\Documents\Diego
#        Moreno\Projetos\STM32F4\Testes_STM32F4DISCOVERY\STM32F4-DIS_SDcard_FatFS\EWARM\STM32F4-DIS_SDcard_FatFS\Obj\ff.o"
#        "C:\Users\engenharia\Documents\Diego
#        Moreno\Projetos\STM32F4\Testes_STM32F4DISCOVERY\STM32F4-DIS_SDcard_FatFS\EWARM\STM32F4-DIS_SDcard_FatFS\Obj\ff_gen_drv.o"
#        "C:\Users\engenharia\Documents\Diego
#        Moreno\Projetos\STM32F4\Testes_STM32F4DISCOVERY\STM32F4-DIS_SDcard_FatFS\EWARM\STM32F4-DIS_SDcard_FatFS\Obj\gpio.o"
#        "C:\Users\engenharia\Documents\Diego
#        Moreno\Projetos\STM32F4\Testes_STM32F4DISCOVERY\STM32F4-DIS_SDcard_FatFS\EWARM\STM32F4-DIS_SDcard_FatFS\Obj\main.o"
#        "C:\Users\engenharia\Documents\Diego
#        Moreno\Projetos\STM32F4\Testes_STM32F4DISCOVERY\STM32F4-DIS_SDcard_FatFS\EWARM\STM32F4-DIS_SDcard_FatFS\Obj\sd_diskio.o"
#        "C:\Users\engenharia\Documents\Diego
#        Moreno\Projetos\STM32F4\Testes_STM32F4DISCOVERY\STM32F4-DIS_SDcard_FatFS\EWARM\STM32F4-DIS_SDcard_FatFS\Obj\sdio.o"
#        "C:\Users\engenharia\Documents\Diego
#        Moreno\Projetos\STM32F4\Testes_STM32F4DISCOVERY\STM32F4-DIS_SDcard_FatFS\EWARM\STM32F4-DIS_SDcard_FatFS\Obj\startup_stm32f407xx.o"
#        "C:\Users\engenharia\Documents\Diego
#        Moreno\Projetos\STM32F4\Testes_STM32F4DISCOVERY\STM32F4-DIS_SDcard_FatFS\EWARM\STM32F4-DIS_SDcard_FatFS\Obj\stm32f4xx_hal.o"
#        "C:\Users\engenharia\Documents\Diego
#        Moreno\Projetos\STM32F4\Testes_STM32F4DISCOVERY\STM32F4-DIS_SDcard_FatFS\EWARM\STM32F4-DIS_SDcard_FatFS\Obj\stm32f4xx_hal_cortex.o"
#        "C:\Users\engenharia\Documents\Diego
#        Moreno\Projetos\STM32F4\Testes_STM32F4DISCOVERY\STM32F4-DIS_SDcard_FatFS\EWARM\STM32F4-DIS_SDcard_FatFS\Obj\stm32f4xx_hal_dma.o"
#        "C:\Users\engenharia\Documents\Diego
#        Moreno\Projetos\STM32F4\Testes_STM32F4DISCOVERY\STM32F4-DIS_SDcard_FatFS\EWARM\STM32F4-DIS_SDcard_FatFS\Obj\stm32f4xx_hal_dma_ex.o"
#        "C:\Users\engenharia\Documents\Diego
#        Moreno\Projetos\STM32F4\Testes_STM32F4DISCOVERY\STM32F4-DIS_SDcard_FatFS\EWARM\STM32F4-DIS_SDcard_FatFS\Obj\stm32f4xx_hal_flash.o"
#        "C:\Users\engenharia\Documents\Diego
#        Moreno\Projetos\STM32F4\Testes_STM32F4DISCOVERY\STM32F4-DIS_SDcard_FatFS\EWARM\STM32F4-DIS_SDcard_FatFS\Obj\stm32f4xx_hal_flash_ex.o"
#        "C:\Users\engenharia\Documents\Diego
#        Moreno\Projetos\STM32F4\Testes_STM32F4DISCOVERY\STM32F4-DIS_SDcard_FatFS\EWARM\STM32F4-DIS_SDcard_FatFS\Obj\stm32f4xx_hal_flash_ramfunc.o"
#        "C:\Users\engenharia\Documents\Diego
#        Moreno\Projetos\STM32F4\Testes_STM32F4DISCOVERY\STM32F4-DIS_SDcard_FatFS\EWARM\STM32F4-DIS_SDcard_FatFS\Obj\stm32f4xx_hal_gpio.o"
#        "C:\Users\engenharia\Documents\Diego
#        Moreno\Projetos\STM32F4\Testes_STM32F4DISCOVERY\STM32F4-DIS_SDcard_FatFS\EWARM\STM32F4-DIS_SDcard_FatFS\Obj\stm32f4xx_hal_msp.o"
#        "C:\Users\engenharia\Documents\Diego
#        Moreno\Projetos\STM32F4\Testes_STM32F4DISCOVERY\STM32F4-DIS_SDcard_FatFS\EWARM\STM32F4-DIS_SDcard_FatFS\Obj\stm32f4xx_hal_pwr.o"
#        "C:\Users\engenharia\Documents\Diego
#        Moreno\Projetos\STM32F4\Testes_STM32F4DISCOVERY\STM32F4-DIS_SDcard_FatFS\EWARM\STM32F4-DIS_SDcard_FatFS\Obj\stm32f4xx_hal_pwr_ex.o"
#        "C:\Users\engenharia\Documents\Diego
#        Moreno\Projetos\STM32F4\Testes_STM32F4DISCOVERY\STM32F4-DIS_SDcard_FatFS\EWARM\STM32F4-DIS_SDcard_FatFS\Obj\stm32f4xx_hal_rcc.o"
#        "C:\Users\engenharia\Documents\Diego
#        Moreno\Projetos\STM32F4\Testes_STM32F4DISCOVERY\STM32F4-DIS_SDcard_FatFS\EWARM\STM32F4-DIS_SDcard_FatFS\Obj\stm32f4xx_hal_rcc_ex.o"
#        "C:\Users\engenharia\Documents\Diego
#        Moreno\Projetos\STM32F4\Testes_STM32F4DISCOVERY\STM32F4-DIS_SDcard_FatFS\EWARM\STM32F4-DIS_SDcard_FatFS\Obj\stm32f4xx_hal_sd.o"
#        "C:\Users\engenharia\Documents\Diego
#        Moreno\Projetos\STM32F4\Testes_STM32F4DISCOVERY\STM32F4-DIS_SDcard_FatFS\EWARM\STM32F4-DIS_SDcard_FatFS\Obj\stm32f4xx_hal_tim.o"
#        "C:\Users\engenharia\Documents\Diego
#        Moreno\Projetos\STM32F4\Testes_STM32F4DISCOVERY\STM32F4-DIS_SDcard_FatFS\EWARM\STM32F4-DIS_SDcard_FatFS\Obj\stm32f4xx_hal_tim_ex.o"
#        "C:\Users\engenharia\Documents\Diego
#        Moreno\Projetos\STM32F4\Testes_STM32F4DISCOVERY\STM32F4-DIS_SDcard_FatFS\EWARM\STM32F4-DIS_SDcard_FatFS\Obj\stm32f4xx_it.o"
#        "C:\Users\engenharia\Documents\Diego
#        Moreno\Projetos\STM32F4\Testes_STM32F4DISCOVERY\STM32F4-DIS_SDcard_FatFS\EWARM\STM32F4-DIS_SDcard_FatFS\Obj\stm32f4xx_ll_sdmmc.o"
#        "C:\Users\engenharia\Documents\Diego
#        Moreno\Projetos\STM32F4\Testes_STM32F4DISCOVERY\STM32F4-DIS_SDcard_FatFS\EWARM\STM32F4-DIS_SDcard_FatFS\Obj\syscall.o"
#        "C:\Users\engenharia\Documents\Diego
#        Moreno\Projetos\STM32F4\Testes_STM32F4DISCOVERY\STM32F4-DIS_SDcard_FatFS\EWARM\STM32F4-DIS_SDcard_FatFS\Obj\system_stm32f4xx.o"
#        --redirect _Printf=_PrintfFull --redirect _Scanf=_ScanfFull -o
#        "C:\Users\engenharia\Documents\Diego
#        Moreno\Projetos\STM32F4\Testes_STM32F4DISCOVERY\STM32F4-DIS_SDcard_FatFS\EWARM\STM32F4-DIS_SDcard_FatFS\Exe\STM32F4-DIS_SDcard_FatFS.out"
#        --map "C:\Users\engenharia\Documents\Diego
#        Moreno\Projetos\STM32F4\Testes_STM32F4DISCOVERY\STM32F4-DIS_SDcard_FatFS\EWARM\STM32F4-DIS_SDcard_FatFS/List\STM32F4-DIS_SDcard_FatFS.map"
#        --config "C:\Users\engenharia\Documents\Diego
#        Moreno\Projetos\STM32F4\Testes_STM32F4DISCOVERY\STM32F4-DIS_SDcard_FatFS\EWARM/stm32f407xx_flash.icf"
#        --semihosting --entry __iar_program_start --vfe
#
###############################################################################

*******************************************************************************
*** RUNTIME MODEL ATTRIBUTES
***

CppFlavor       = *
__SystemLibrary = DLib


*******************************************************************************
*** PLACEMENT SUMMARY
***

"A1":  place at 0x08000000 { ro section .intvec };
"P1":  place in [from 0x08000000 to 0x080fffff] { ro };
"P2":  place in [from 0x20000000 to 0x2001ffff] { rw, block CSTACK, block HEAP };

  Section            Kind        Address    Size  Object
  -------            ----        -------    ----  ------
"A1":                                      0x188
  .intvec            ro code  0x08000000   0x188  startup_stm32f407xx.o [1]
                            - 0x08000188   0x188

"P1":                                     0x4814
  .text              ro code  0x08000188  0x1c22  ff.o [1]
  .text              ro code  0x08001dac    0xf8  diskio.o [1]
  .text              ro code  0x08001ea4    0x20  fatfs.o [1]
  .text              ro code  0x08001ec4    0xcc  ff_gen_drv.o [1]
  .text              ro code  0x08001f90   0xcb6  stm32f4xx_hal_sd.o [1]
  .text              ro code  0x08002c48    0xa8  sdio.o [1]
  .text              ro code  0x08002cf0    0x56  ABImemcpy_unaligned.o [5]
  .text              ro code  0x08002d48   0x790  stm32f4xx_ll_sdmmc.o [1]
  .text              ro code  0x080034d8    0x9c  stm32f4xx_hal.o [1]
  .text              ro code  0x08003574   0x256  stm32f4xx_hal_gpio.o [1]
  .text              ro code  0x080037cc   0x16a  stm32f4xx_hal_cortex.o [1]
  .text              ro code  0x08003936    0x5e  stm32f4xx_hal_msp.o [1]
  .text              ro code  0x08003994   0x698  stm32f4xx_hal_rcc.o [1]
  .text              ro code  0x0800402c   0x210  main.o [1]
  .text              ro code  0x0800423c    0xd4  gpio.o [1]
  .text              ro code  0x08004310   0x14c  sd_diskio.o [1]
  .text              ro code  0x0800445c    0xd0  bsp_driver_sd.o [1]
  .rodata            const    0x0800452c    0x80  ff.o [1]
  .rodata            const    0x080045ac    0x78  main.o [1]
  .text              ro code  0x08004624    0x6c  system_stm32f4xx.o [1]
  .text              ro code  0x08004690    0x40  zero_init3.o [5]
  .text              ro code  0x080046d0    0x2c  copy_init3.o [5]
  .text              ro code  0x080046fc    0x28  data_init.o [5]
  .text              ro code  0x08004724    0x26  stm32f4xx_it.o [1]
  .text              ro code  0x0800474c    0x22  fpinit_M.o [4]
  .iar.init_table    const    0x08004770    0x24  - Linker created -
  .text              ro code  0x08004794    0x1a  cmain.o [5]
  .text              ro code  0x080047ae     0x4  low_level_init.o [3]
  .text              ro code  0x080047b2     0x4  exit.o [3]
  .text              ro code  0x080047b8     0xa  cexit.o [5]
  .text              ro code  0x080047c4    0x14  exit.o [6]
  .rodata            const    0x080047d8    0x14  sd_diskio.o [1]
  .rodata            const    0x080047ec    0x10  ff.o [1]
  .rodata            const    0x080047fc    0x10  main.o [1]
  .rodata            const    0x0800480c    0x10  system_stm32f4xx.o [1]
  .text              ro code  0x0800481c    0x10  startup_stm32f407xx.o [1]
  .text              ro code  0x0800482c     0xc  cstartup_M.o [5]
  .text              ro code  0x08004838     0x4  startup_stm32f407xx.o [1]
  .text              ro code  0x0800483c     0x4  startup_stm32f407xx.o [1]
  .text              ro code  0x08004840     0x4  startup_stm32f407xx.o [1]
  .text              ro code  0x08004844     0x4  startup_stm32f407xx.o [1]
  .text              ro code  0x08004848     0x4  startup_stm32f407xx.o [1]
  .text              ro code  0x0800484c     0x4  startup_stm32f407xx.o [1]
  .text              ro code  0x08004850     0x4  startup_stm32f407xx.o [1]
  .text              ro code  0x08004854     0x4  startup_stm32f407xx.o [1]
  .text              ro code  0x08004858     0x4  startup_stm32f407xx.o [1]
  .text              ro code  0x0800485c     0x4  startup_stm32f407xx.o [1]
  .text              ro code  0x08004860     0x4  startup_stm32f407xx.o [1]
  .text              ro code  0x08004864     0x4  startup_stm32f407xx.o [1]
  .text              ro code  0x08004868     0x4  startup_stm32f407xx.o [1]
  .text              ro code  0x0800486c     0x4  startup_stm32f407xx.o [1]
  .text              ro code  0x08004870     0x4  startup_stm32f407xx.o [1]
  .text              ro code  0x08004874     0x4  startup_stm32f407xx.o [1]
  .text              ro code  0x08004878     0x4  startup_stm32f407xx.o [1]
  .text              ro code  0x0800487c     0x4  startup_stm32f407xx.o [1]
  .text              ro code  0x08004880     0x4  startup_stm32f407xx.o [1]
  .text              ro code  0x08004884     0x4  startup_stm32f407xx.o [1]
  .text              ro code  0x08004888     0x4  startup_stm32f407xx.o [1]
  .text              ro code  0x0800488c     0x4  startup_stm32f407xx.o [1]
  .text              ro code  0x08004890     0x4  startup_stm32f407xx.o [1]
  .text              ro code  0x08004894     0x4  startup_stm32f407xx.o [1]
  .text              ro code  0x08004898     0x4  startup_stm32f407xx.o [1]
  .text              ro code  0x0800489c     0x4  startup_stm32f407xx.o [1]
  .text              ro code  0x080048a0     0x4  startup_stm32f407xx.o [1]
  .text              ro code  0x080048a4     0x4  startup_stm32f407xx.o [1]
  .text              ro code  0x080048a8     0x4  startup_stm32f407xx.o [1]
  .text              ro code  0x080048ac     0x4  startup_stm32f407xx.o [1]
  .text              ro code  0x080048b0     0x4  startup_stm32f407xx.o [1]
  .text              ro code  0x080048b4     0x4  startup_stm32f407xx.o [1]
  .text              ro code  0x080048b8     0x4  startup_stm32f407xx.o [1]
  .text              ro code  0x080048bc     0x4  startup_stm32f407xx.o [1]
  .text              ro code  0x080048c0     0x4  startup_stm32f407xx.o [1]
  .text              ro code  0x080048c4     0x4  startup_stm32f407xx.o [1]
  .text              ro code  0x080048c8     0x4  startup_stm32f407xx.o [1]
  .text              ro code  0x080048cc     0x4  startup_stm32f407xx.o [1]
  .text              ro code  0x080048d0     0x4  startup_stm32f407xx.o [1]
  .text              ro code  0x080048d4     0x4  startup_stm32f407xx.o [1]
  .text              ro code  0x080048d8     0x4  startup_stm32f407xx.o [1]
  .text              ro code  0x080048dc     0x4  startup_stm32f407xx.o [1]
  .text              ro code  0x080048e0     0x4  startup_stm32f407xx.o [1]
  .text              ro code  0x080048e4     0x4  startup_stm32f407xx.o [1]
  .text              ro code  0x080048e8     0x4  startup_stm32f407xx.o [1]
  .text              ro code  0x080048ec     0x4  startup_stm32f407xx.o [1]
  .text              ro code  0x080048f0     0x4  startup_stm32f407xx.o [1]
  .text              ro code  0x080048f4     0x4  startup_stm32f407xx.o [1]
  .text              ro code  0x080048f8     0x4  startup_stm32f407xx.o [1]
  .text              ro code  0x080048fc     0x4  startup_stm32f407xx.o [1]
  .text              ro code  0x08004900     0x4  startup_stm32f407xx.o [1]
  .text              ro code  0x08004904     0x4  startup_stm32f407xx.o [1]
  .text              ro code  0x08004908     0x4  startup_stm32f407xx.o [1]
  .text              ro code  0x0800490c     0x4  startup_stm32f407xx.o [1]
  .text              ro code  0x08004910     0x4  startup_stm32f407xx.o [1]
  .text              ro code  0x08004914     0x4  startup_stm32f407xx.o [1]
  .text              ro code  0x08004918     0x4  startup_stm32f407xx.o [1]
  .text              ro code  0x0800491c     0x4  startup_stm32f407xx.o [1]
  .text              ro code  0x08004920     0x4  startup_stm32f407xx.o [1]
  .text              ro code  0x08004924     0x4  startup_stm32f407xx.o [1]
  .text              ro code  0x08004928     0x4  startup_stm32f407xx.o [1]
  .text              ro code  0x0800492c     0x4  startup_stm32f407xx.o [1]
  .text              ro code  0x08004930     0x4  startup_stm32f407xx.o [1]
  .text              ro code  0x08004934     0x4  startup_stm32f407xx.o [1]
  .text              ro code  0x08004938     0x4  startup_stm32f407xx.o [1]
  .text              ro code  0x0800493c     0x4  startup_stm32f407xx.o [1]
  .text              ro code  0x08004940     0x4  startup_stm32f407xx.o [1]
  .text              ro code  0x08004944     0x4  startup_stm32f407xx.o [1]
  .text              ro code  0x08004948     0x4  startup_stm32f407xx.o [1]
  .text              ro code  0x0800494c     0x4  startup_stm32f407xx.o [1]
  .text              ro code  0x08004950     0x4  startup_stm32f407xx.o [1]
  .text              ro code  0x08004954     0x4  startup_stm32f407xx.o [1]
  .text              ro code  0x08004958     0x4  startup_stm32f407xx.o [1]
  .text              ro code  0x0800495c     0x4  startup_stm32f407xx.o [1]
  .text              ro code  0x08004960     0x4  startup_stm32f407xx.o [1]
  .text              ro code  0x08004964     0x4  startup_stm32f407xx.o [1]
  .text              ro code  0x08004968     0x4  startup_stm32f407xx.o [1]
  .text              ro code  0x0800496c     0x4  startup_stm32f407xx.o [1]
  .text              ro code  0x08004970     0x4  startup_stm32f407xx.o [1]
  .text              ro code  0x08004974     0x4  startup_stm32f407xx.o [1]
  .rodata            const    0x08004978     0x0  zero_init3.o [5]
  .rodata            const    0x08004978     0x0  copy_init3.o [5]
  Initializer bytes  const    0x08004978    0x24  <for P2 s0>
                            - 0x0800499c  0x4814

"P2":                                      0xda8
  P2 s0                       0x20000000    0x24  <Init block>
    .data            inited   0x20000000    0x1c  main.o [1]
    .data            inited   0x2000001c     0x4  system_stm32f4xx.o [1]
    .data            inited   0x20000020     0x1  sd_diskio.o [1]
  .bss               zero     0x20000024   0x230  main.o [1]
  .bss               zero     0x20000254   0x22c  main.o [1]
  .bss               zero     0x20000480    0x84  sdio.o [1]
  .bss               zero     0x20000504    0x64  main.o [1]
  .bss               zero     0x20000568    0x18  ff.o [1]
  .bss               zero     0x20000580     0xc  ff_gen_drv.o [1]
  .bss               zero     0x2000058c     0x4  fatfs.o [1]
  .bss               zero     0x20000590     0x4  ff.o [1]
  .bss               zero     0x20000594     0x4  main.o [1]
  .bss               zero     0x20000598     0x4  main.o [1]
  .bss               zero     0x2000059c     0x4  stm32f4xx_hal.o [1]
  .bss               zero     0x200005a0     0x2  ff.o [1]
  .bss               zero     0x200005a2     0x1  fatfs.o [1]
  .bss               zero     0x200005a3     0x1  main.o [1]
  CSTACK                      0x200005a8   0x800  <Block>
    CSTACK           uninit   0x200005a8   0x800  <Block tail>
                            - 0x20000da8   0xda8


*******************************************************************************
*** INIT TABLE
***

          Address     Size
          -------     ----
Zero (__iar_zero_init3)
    1 destination range, total size 0x580:
          0x20000024  0x580

Copy (__iar_copy_init3)
    1 source range, total size 0x24 (109% of destination):
          0x08004978   0x24
    1 destination range, total size 0x21:
          0x20000000   0x21



*******************************************************************************
*** MODULE SUMMARY
***

    Module                  ro code  ro data  rw data
    ------                  -------  -------  -------
C:\Users\engenharia\Documents\Diego Moreno\Projetos\STM32F4\Testes_STM32F4DISCOVERY\STM32F4-DIS_SDcard_FatFS\EWARM\STM32F4-DIS_SDcard_FatFS\Obj: [1]
    bsp_driver_sd.o             208
    diskio.o                    248
    fatfs.o                      32                 5
    ff.o                      7 202      144       30
    ff_gen_drv.o                204                12
    gpio.o                      212
    main.o                      528      164    1 253
    sd_diskio.o                 332       21        1
    sdio.o                      168               132
    startup_stm32f407xx.o       728
    stm32f4xx_hal.o             156                 4
    stm32f4xx_hal_cortex.o      362
    stm32f4xx_hal_gpio.o        598
    stm32f4xx_hal_msp.o          94
    stm32f4xx_hal_rcc.o       1 688
    stm32f4xx_hal_sd.o        3 254
    stm32f4xx_it.o               38
    stm32f4xx_ll_sdmmc.o      1 936
    system_stm32f4xx.o          108       20        4
    -------------------------------------------------
    Total:                   18 096      349    1 441

command line: [2]
    -------------------------------------------------
    Total:

dl7M_tlf.a: [3]
    exit.o                        4
    low_level_init.o              4
    -------------------------------------------------
    Total:                        8

m7M_tls.a: [4]
    fpinit_M.o                   34
    -------------------------------------------------
    Total:                       34

rt7M_tl.a: [5]
    ABImemcpy_unaligned.o        86
    cexit.o                      10
    cmain.o                      26
    copy_init3.o                 44
    cstartup_M.o                 12
    data_init.o                  40
    zero_init3.o                 64
    -------------------------------------------------
    Total:                      282

shb_l.a: [6]
    exit.o                       20
    -------------------------------------------------
    Total:                       20

    Gaps                         14        2
    Linker created                        39    2 048
-----------------------------------------------------
    Grand Total:             18 454      390    3 489


*******************************************************************************
*** ENTRY LIST
***

Entry                      Address   Size  Type      Object
-----                      -------   ----  ----      ------
.iar.init_table$$Base   0x08004770          --   Gb  - Linker created -
.iar.init_table$$Limit  0x08004794          --   Gb  - Linker created -
?main                   0x08004795         Code  Gb  cmain.o [5]
AHBPrescTable           0x0800480c   0x10  Data  Gb  system_stm32f4xx.o [1]
BSP_SD_GetCardInfo      0x08004509    0xe  Code  Gb  bsp_driver_sd.o [1]
BSP_SD_GetCardState     0x080044f3   0x16  Code  Gb  bsp_driver_sd.o [1]
BSP_SD_Init             0x0800445d   0x36  Code  Gb  bsp_driver_sd.o [1]
BSP_SD_IsDetected       0x0800451d   0x10  Code  Gb  bsp_driver_sd.o [1]
BSP_SD_ReadBlocks       0x08004493   0x30  Code  Gb  bsp_driver_sd.o [1]
BSP_SD_WriteBlocks      0x080044c3   0x30  Code  Gb  bsp_driver_sd.o [1]
BusFault_Handler        0x0800472b    0x2  Code  Gb  stm32f4xx_it.o [1]
CSTACK$$Base            0x200005a8          --   Gb  - Linker created -
CSTACK$$Limit           0x20000da8          --   Gb  - Linker created -
DebugMon_Handler        0x08004731    0x2  Code  Gb  stm32f4xx_it.o [1]
EXTI0_IRQHandler        0x08004741    0xa  Code  Gb  stm32f4xx_it.o [1]
ExCvt                   0x0800452c   0x80  Data  Lc  ff.o [1]
FATFS_LinkDriver        0x08001f1d   0x12  Code  Gb  ff_gen_drv.o [1]
FATFS_LinkDriverEx      0x08001ec5   0x58  Code  Gb  ff_gen_drv.o [1]
FATFS_UnLinkDriver      0x08001f7d    0xe  Code  Gb  ff_gen_drv.o [1]
FATFS_UnLinkDriverEx    0x08001f2f   0x4e  Code  Gb  ff_gen_drv.o [1]
FatFs                   0x20000590    0x4  Data  Lc  ff.o [1]
Files                   0x20000568   0x18  Data  Lc  ff.o [1]
Fsid                    0x200005a0    0x2  Data  Lc  ff.o [1]
HAL_Delay               0x08003549   0x1e  Code  Wk  stm32f4xx_hal.o [1]
HAL_GPIO_EXTI_Callback  0x080037c9    0x2  Code  Wk  stm32f4xx_hal_gpio.o [1]
HAL_GPIO_EXTI_IRQHandler
                        0x0800376d   0x1e  Code  Gb  stm32f4xx_hal_gpio.o [1]
HAL_GPIO_Init           0x08003575  0x1e4  Code  Gb  stm32f4xx_hal_gpio.o [1]
HAL_GPIO_WritePin       0x08003759   0x14  Code  Gb  stm32f4xx_hal_gpio.o [1]
HAL_GetTick             0x08003543    0x6  Code  Wk  stm32f4xx_hal.o [1]
HAL_IncTick             0x08003537    0xc  Code  Wk  stm32f4xx_hal.o [1]
HAL_Init                0x080034d9   0x3a  Code  Gb  stm32f4xx_hal.o [1]
HAL_InitTick            0x08003513   0x24  Code  Wk  stm32f4xx_hal.o [1]
HAL_MspInit             0x08003937   0x5e  Code  Gb  stm32f4xx_hal_msp.o [1]
HAL_NVIC_EnableIRQ      0x080038cf    0xe  Code  Gb  stm32f4xx_hal_cortex.o [1]
HAL_NVIC_SetPriority    0x080038a9   0x26  Code  Gb  stm32f4xx_hal_cortex.o [1]
HAL_NVIC_SetPriorityGrouping
                        0x0800389d    0xc  Code  Gb  stm32f4xx_hal_cortex.o [1]
HAL_RCC_ClockConfig     0x08003d81  0x1bc  Code  Gb  stm32f4xx_hal_rcc.o [1]
HAL_RCC_GetHCLKFreq     0x08003fe7    0x6  Code  Gb  stm32f4xx_hal_rcc.o [1]
HAL_RCC_GetSysClockFreq
                        0x08003f3d   0xaa  Code  Wk  stm32f4xx_hal_rcc.o [1]
HAL_RCC_OscConfig       0x08003995  0x3ec  Code  Wk  stm32f4xx_hal_rcc.o [1]
HAL_SD_ConfigWideBusOperation
                        0x08002737   0xb0  Code  Gb  stm32f4xx_hal_sd.o [1]
HAL_SD_GetCardCSD       0x080024c9  0x248  Code  Gb  stm32f4xx_hal_sd.o [1]
HAL_SD_GetCardInfo      0x08002711   0x26  Code  Gb  stm32f4xx_hal_sd.o [1]
HAL_SD_GetCardState     0x080027e7   0x32  Code  Gb  stm32f4xx_hal_sd.o [1]
HAL_SD_Init             0x08001f91   0x3c  Code  Gb  stm32f4xx_hal_sd.o [1]
HAL_SD_InitCard         0x08001fcd   0x8e  Code  Gb  stm32f4xx_hal_sd.o [1]
HAL_SD_MspInit          0x08002c75   0x68  Code  Gb  sdio.o [1]
HAL_SD_ReadBlocks       0x0800205b  0x256  Code  Gb  stm32f4xx_hal_sd.o [1]
HAL_SD_WriteBlocks      0x080022b1  0x214  Code  Gb  stm32f4xx_hal_sd.o [1]
HAL_SYSTICK_CLKSourceConfig
                        0x080038e9   0x20  Code  Gb  stm32f4xx_hal_cortex.o [1]
HAL_SYSTICK_Callback    0x08003935    0x2  Code  Wk  stm32f4xx_hal_cortex.o [1]
HAL_SYSTICK_Config      0x080038dd    0xc  Code  Gb  stm32f4xx_hal_cortex.o [1]
HAL_SYSTICK_IRQHandler  0x0800392d    0x8  Code  Gb  stm32f4xx_hal_cortex.o [1]
HardFault_Handler       0x08004727    0x2  Code  Gb  stm32f4xx_it.o [1]
MX_FATFS_Init           0x08001ea5   0x10  Code  Gb  fatfs.o [1]
MX_GPIO_Init            0x0800423d   0xd4  Code  Gb  gpio.o [1]
MX_SDIO_SD_Init         0x08002c49   0x2c  Code  Gb  sdio.o [1]
MemManage_Handler       0x08004729    0x2  Code  Gb  stm32f4xx_it.o [1]
MyFileSD                0x20000254  0x22c  Data  Gb  main.o [1]
NMI_Handler             0x08004725    0x2  Code  Gb  stm32f4xx_it.o [1]
NVIC_EnableIRQ          0x080037f5   0x14  Code  Lc  stm32f4xx_hal_cortex.o [1]
NVIC_EncodePriority     0x0800382f   0x3e  Code  Lc  stm32f4xx_hal_cortex.o [1]
NVIC_GetPriorityGrouping
                        0x080037eb    0xa  Code  Lc  stm32f4xx_hal_cortex.o [1]
NVIC_SetPriority        0x08003809   0x26  Code  Lc  stm32f4xx_hal_cortex.o [1]
NVIC_SetPriorityGrouping
                        0x080037cd   0x1e  Code  Lc  stm32f4xx_hal_cortex.o [1]
PendSV_Handler          0x08004733    0x2  Code  Gb  stm32f4xx_it.o [1]
Region$$Table$$Base     0x08004770          --   Gb  - Linker created -
Region$$Table$$Limit    0x08004794          --   Gb  - Linker created -
SDFatFs                 0x20000024  0x230  Data  Gb  main.o [1]
SDIO_ConfigData         0x08002de5   0x2e  Code  Gb  stm32f4xx_ll_sdmmc.o [1]
SDIO_GetCommandResponse
                        0x08002dc7    0x6  Code  Gb  stm32f4xx_ll_sdmmc.o [1]
SDIO_GetPowerState      0x08002d95    0x8  Code  Gb  stm32f4xx_ll_sdmmc.o [1]
SDIO_GetResponse        0x08002dcd   0x18  Code  Gb  stm32f4xx_ll_sdmmc.o [1]
SDIO_Init               0x08002d49   0x30  Code  Gb  stm32f4xx_ll_sdmmc.o [1]
SDIO_PowerState_ON      0x08002d8b    0xa  Code  Gb  stm32f4xx_ll_sdmmc.o [1]
SDIO_ReadFIFO           0x08002d79    0x6  Code  Gb  stm32f4xx_ll_sdmmc.o [1]
SDIO_SendCommand        0x08002d9d   0x2a  Code  Gb  stm32f4xx_ll_sdmmc.o [1]
SDIO_WriteFIFO          0x08002d7f    0xc  Code  Gb  stm32f4xx_ll_sdmmc.o [1]
SDMMC_CmdAppCommand     0x08003015   0x3a  Code  Gb  stm32f4xx_ll_sdmmc.o [1]
SDMMC_CmdAppOperCommand
                        0x0800304f   0x3a  Code  Gb  stm32f4xx_ll_sdmmc.o [1]
SDMMC_CmdBlockLength    0x08002e13   0x3a  Code  Gb  stm32f4xx_ll_sdmmc.o [1]
SDMMC_CmdBusWidth       0x08003089   0x3a  Code  Gb  stm32f4xx_ll_sdmmc.o [1]
SDMMC_CmdGoIdleState    0x08002fab   0x34  Code  Gb  stm32f4xx_ll_sdmmc.o [1]
SDMMC_CmdOperCond       0x08002fdf   0x36  Code  Gb  stm32f4xx_ll_sdmmc.o [1]
SDMMC_CmdReadMultiBlock
                        0x08002e87   0x3a  Code  Gb  stm32f4xx_ll_sdmmc.o [1]
SDMMC_CmdReadSingleBlock
                        0x08002e4d   0x3a  Code  Gb  stm32f4xx_ll_sdmmc.o [1]
SDMMC_CmdSelDesel       0x08002f6f   0x3c  Code  Gb  stm32f4xx_ll_sdmmc.o [1]
SDMMC_CmdSendCID        0x080030fd   0x34  Code  Gb  stm32f4xx_ll_sdmmc.o [1]
SDMMC_CmdSendCSD        0x08003131   0x34  Code  Gb  stm32f4xx_ll_sdmmc.o [1]
SDMMC_CmdSendSCR        0x080030c3   0x3a  Code  Gb  stm32f4xx_ll_sdmmc.o [1]
SDMMC_CmdSendStatus     0x0800319f   0x3a  Code  Gb  stm32f4xx_ll_sdmmc.o [1]
SDMMC_CmdSetRelAdd      0x08003165   0x3a  Code  Gb  stm32f4xx_ll_sdmmc.o [1]
SDMMC_CmdStopTransfer   0x08002f35   0x3a  Code  Gb  stm32f4xx_ll_sdmmc.o [1]
SDMMC_CmdWriteMultiBlock
                        0x08002efb   0x3a  Code  Gb  stm32f4xx_ll_sdmmc.o [1]
SDMMC_CmdWriteSingleBlock
                        0x08002ec1   0x3a  Code  Gb  stm32f4xx_ll_sdmmc.o [1]
SDMMC_GetCmdError       0x080031d9   0x36  Code  Lc  stm32f4xx_ll_sdmmc.o [1]
SDMMC_GetCmdResp1       0x0800320f  0x132  Code  Lc  stm32f4xx_ll_sdmmc.o [1]
SDMMC_GetCmdResp2       0x08003341   0x54  Code  Lc  stm32f4xx_ll_sdmmc.o [1]
SDMMC_GetCmdResp3       0x08003395   0x46  Code  Lc  stm32f4xx_ll_sdmmc.o [1]
SDMMC_GetCmdResp6       0x080033db   0x9e  Code  Lc  stm32f4xx_ll_sdmmc.o [1]
SDMMC_GetCmdResp7       0x08003479   0x4a  Code  Lc  stm32f4xx_ll_sdmmc.o [1]
SD_Driver               0x080047d8   0x14  Data  Gb  sd_diskio.o [1]
SD_FindSCR              0x08002b0f  0x138  Code  Lc  stm32f4xx_hal_sd.o [1]
SD_InitCard             0x08002819  0x102  Code  Lc  stm32f4xx_hal_sd.o [1]
SD_Path                 0x2000058c    0x4  Data  Gb  fatfs.o [1]
SD_PowerON              0x0800291b   0xe8  Code  Lc  stm32f4xx_hal_sd.o [1]
SD_SendStatus           0x08002a03   0x34  Code  Lc  stm32f4xx_hal_sd.o [1]
SD_WideBus_Disable      0x08002aa3   0x6c  Code  Lc  stm32f4xx_hal_sd.o [1]
SD_WideBus_Enable       0x08002a37   0x6c  Code  Lc  stm32f4xx_hal_sd.o [1]
SD_initialize           0x08004311   0x24  Code  Gb  sd_diskio.o [1]
SD_ioctl                0x080043e5   0x6c  Code  Gb  sd_diskio.o [1]
SD_read                 0x08004359   0x46  Code  Gb  sd_diskio.o [1]
SD_status               0x08004335   0x24  Code  Gb  sd_diskio.o [1]
SD_write                0x0800439f   0x46  Code  Gb  sd_diskio.o [1]
SVC_Handler             0x0800472f    0x2  Code  Gb  stm32f4xx_it.o [1]
Stat                    0x20000020    0x1  Data  Lc  sd_diskio.o [1]
SysTick_Config          0x0800386d   0x30  Code  Lc  stm32f4xx_hal_cortex.o [1]
SysTick_Handler         0x08004735    0xc  Code  Gb  stm32f4xx_it.o [1]
SystemClock_Config      0x0800404f   0xc4  Code  Gb  main.o [1]
SystemCoreClock         0x2000001c    0x4  Data  Gb  system_stm32f4xx.o [1]
SystemInit              0x08004625   0x4c  Code  Gb  system_stm32f4xx.o [1]
UsageFault_Handler      0x0800472d    0x2  Code  Gb  stm32f4xx_it.o [1]
_Error_Handler          0x080041f1   0x14  Code  Gb  main.o [1]
__cmain                 0x08004795         Code  Gb  cmain.o [5]
__exit                  0x080047c5   0x14  Code  Gb  exit.o [6]
__iar_copy_init3        0x080046d1   0x2c  Code  Gb  copy_init3.o [5]
__iar_data_init3        0x080046fd   0x28  Code  Gb  data_init.o [5]
__iar_init_vfp          0x0800474d         Code  Gb  fpinit_M.o [4]
__iar_program_start     0x0800482d         Code  Gb  cstartup_M.o [5]
__iar_unaligned___aeabi_memcpy4
                        0x08002cf1         Code  Gb  ABImemcpy_unaligned.o [5]
__iar_unaligned___aeabi_memcpy8
                        0x08002cf1         Code  Gb  ABImemcpy_unaligned.o [5]
__iar_zero_init3        0x08004691   0x40  Code  Gb  zero_init3.o [5]
__low_level_init        0x080047af    0x4  Code  Gb  low_level_init.o [3]
__vector_table          0x08000000         Data  Gb  startup_stm32f407xx.o [1]
_call_main              0x080047a1         Code  Gb  cmain.o [5]
_exit                   0x080047b9         Code  Gb  cexit.o [5]
_main                   0x080047ab         Code  Gb  cmain.o [5]
bytesread               0x20000598    0x4  Data  Gb  main.o [1]
byteswritten            0x20000594    0x4  Data  Gb  main.o [1]
check_fs                0x08000ff9   0x82  Code  Lc  ff.o [1]
chk_chr                 0x080001df   0x14  Code  Lc  ff.o [1]
chk_lock                0x080001f3   0x90  Code  Lc  ff.o [1]
clear_lock              0x080003dd   0x2c  Code  Lc  ff.o [1]
clmt_clust              0x080009db   0x3e  Code  Lc  ff.o [1]
clust2sect              0x080005a5   0x20  Code  Gb  ff.o [1]
create_chain            0x080008dd   0xfe  Code  Lc  ff.o [1]
create_name             0x08000ddf  0x12e  Code  Lc  ff.o [1]
dec_lock                0x08000387   0x56  Code  Lc  ff.o [1]
dir_alloc               0x08000c6d   0x6e  Code  Lc  ff.o [1]
dir_find                0x08000d1d   0x70  Code  Lc  ff.o [1]
dir_next                0x08000af5  0x178  Code  Lc  ff.o [1]
dir_register            0x08000d8d   0x52  Code  Lc  ff.o [1]
dir_sdi                 0x08000a19   0xdc  Code  Lc  ff.o [1]
disk                    0x20000580    0xc  Data  Gb  ff_gen_drv.o [1]
disk_initialize         0x08001dcf   0x36  Code  Gb  diskio.o [1]
disk_ioctl              0x08001e75   0x2c  Code  Gb  diskio.o [1]
disk_read               0x08001e05   0x38  Code  Gb  diskio.o [1]
disk_status             0x08001dad   0x22  Code  Gb  diskio.o [1]
disk_write              0x08001e3d   0x38  Code  Gb  diskio.o [1]
enq_lock                0x08000283   0x26  Code  Lc  ff.o [1]
exit                    0x080047b3    0x4  Code  Gb  exit.o [3]
f_close                 0x08001d6f   0x3c  Code  Gb  ff.o [1]
f_mount                 0x08001511   0x6a  Code  Gb  ff.o [1]
f_open                  0x08001599  0x1fc  Code  Gb  ff.o [1]
f_read                  0x08001795  0x252  Code  Gb  ff.o [1]
f_sync                  0x08001c93   0xdc  Code  Gb  ff.o [1]
f_write                 0x080019e7  0x2ac  Code  Gb  ff.o [1]
find_volume             0x0800107b  0x450  Code  Lc  ff.o [1]
follow_path             0x08000f0d   0x9c  Code  Lc  ff.o [1]
get_fat                 0x080005c5  0x11c  Code  Gb  ff.o [1]
get_fattime             0x08001ec1    0x4  Code  Gb  fatfs.o [1]
get_ldnumber            0x08000fa9   0x50  Code  Lc  ff.o [1]
hsd                     0x20000480   0x84  Data  Gb  sdio.o [1]
inc_lock                0x080002a9   0xde  Code  Lc  ff.o [1]
ld_clust                0x08000cdb   0x2a  Code  Lc  ff.o [1]
main                    0x0800402d   0x22  Code  Gb  main.o [1]
mem_cmp                 0x080001bb   0x24  Code  Lc  ff.o [1]
mem_cpy                 0x08000189   0x1c  Code  Lc  ff.o [1]
mem_set                 0x080001a5   0x16  Code  Lc  ff.o [1]
move_window             0x08000475   0x44  Code  Lc  ff.o [1]
put_fat                 0x080006e1  0x178  Code  Gb  ff.o [1]
remove_chain            0x08000859   0x84  Code  Lc  ff.o [1]
res                     0x200005a3    0x1  Data  Gb  main.o [1]
retSD                   0x200005a2    0x1  Data  Gb  fatfs.o [1]
rtext                   0x20000504   0x64  Data  Gb  main.o [1]
st_clust                0x08000d05   0x18  Code  Lc  ff.o [1]
sync_fs                 0x080004b9   0xec  Code  Lc  ff.o [1]
sync_window             0x0800040d   0x68  Code  Lc  ff.o [1]
uSD_Application         0x08004113   0xde  Code  Gb  main.o [1]
uwTick                  0x2000059c    0x4  Data  Gb  stm32f4xx_hal.o [1]
validate                0x080014cb   0x46  Code  Lc  ff.o [1]
wtext                   0x20000000   0x1c  Data  Gb  main.o [1]


[1] = C:\Users\engenharia\Documents\Diego Moreno\Projetos\STM32F4\Testes_STM32F4DISCOVERY\STM32F4-DIS_SDcard_FatFS\EWARM\STM32F4-DIS_SDcard_FatFS\Obj
[2] = command line
[3] = dl7M_tlf.a
[4] = m7M_tls.a
[5] = rt7M_tl.a
[6] = shb_l.a

  18 454 bytes of readonly  code memory
     390 bytes of readonly  data memory
   3 489 bytes of readwrite data memory

Errors: none
Warnings: none
